nohup: ignoring input

Attaching package: ‘shiny’

The following objects are masked from ‘package:DT’:

    dataTableOutput, renderDataTable


Attaching package: ‘shinydashboard’

The following object is masked from ‘package:graphics’:

    box

Loading required package: ggplot2

Attaching package: ‘plotly’

The following object is masked from ‘package:ggplot2’:

    last_plot

The following object is masked from ‘package:stats’:

    filter

The following object is masked from ‘package:graphics’:

    layout

Loading required package: BiocGenerics

Attaching package: ‘BiocGenerics’

The following objects are masked from ‘package:stats’:

    IQR, mad, sd, var, xtabs

The following objects are masked from ‘package:base’:

    anyDuplicated, aperm, append, as.data.frame, basename, cbind,
    colnames, dirname, do.call, duplicated, eval, evalq, Filter, Find,
    get, grep, grepl, intersect, is.unsorted, lapply, Map, mapply,
    match, mget, order, paste, pmax, pmax.int, pmin, pmin.int,
    Position, rank, rbind, Reduce, rownames, sapply, setdiff, sort,
    table, tapply, union, unique, unsplit, which.max, which.min

Loading required package: S4Vectors
Loading required package: stats4

Attaching package: ‘S4Vectors’

The following object is masked from ‘package:plotly’:

    rename

The following object is masked from ‘package:utils’:

    findMatches

The following objects are masked from ‘package:base’:

    expand.grid, I, unname

Loading required package: IRanges

Attaching package: ‘IRanges’

The following object is masked from ‘package:plotly’:

    slice

Loading required package: XVector
Loading required package: GenomeInfoDb

Attaching package: ‘Biostrings’

The following object is masked from ‘package:base’:

    strsplit


Attaching package: ‘ape’

The following object is masked from ‘package:Biostrings’:

    complement


Attaching package: ‘httr’

The following object is masked from ‘package:plotly’:

    config


Attaching package: ‘jsonlite’

The following object is masked from ‘package:shiny’:

    validate


Attaching package: ‘dplyr’

The following object is masked from ‘package:ape’:

    where

The following objects are masked from ‘package:Biostrings’:

    collapse, intersect, setdiff, setequal, union

The following object is masked from ‘package:GenomeInfoDb’:

    intersect

The following object is masked from ‘package:XVector’:

    slice

The following objects are masked from ‘package:IRanges’:

    collapse, desc, intersect, setdiff, slice, union

The following objects are masked from ‘package:S4Vectors’:

    first, intersect, rename, setdiff, setequal, union

The following objects are masked from ‘package:BiocGenerics’:

    combine, intersect, setdiff, union

The following objects are masked from ‘package:stats’:

    filter, lag

The following objects are masked from ‘package:base’:

    intersect, setdiff, setequal, union


Attaching package: ‘dbplyr’

The following objects are masked from ‘package:dplyr’:

    ident, sql


Attaching package: ‘seqinr’

The following object is masked from ‘package:dplyr’:

    count

The following objects are masked from ‘package:ape’:

    as.alignment, consensus

The following object is masked from ‘package:Biostrings’:

    translate

The following object is masked from ‘package:shiny’:

    a

Warning message:
Couldn't coerce the `value` argument to a date string with format yyyy-mm-dd 
Warning in shiny::runApp(list(ui = ui, server = server), host = host, port = port) :
  Shiny Server v0.3.4 or later is required; please upgrade!

Listening on http://127.0.0.1:3838
Warning: Ignoring 1 observations
Warning: Ignoring 1 observations
