IQ-TREE version 3.0.1 for Linux x86 64-bit built Jul  9 2025
Developed by Bui Quang Minh, Thomas Wong, Nhan Ly-Trong, Huaiyan Ren
Contributed by Lam-Tung Nguyen, Dominik Schrempf, Chris Bielow,
Olga Chernomor, Michael Woodhams, Diep Thi Hoang, Heiko Schmidt

Host:    up-jonr-1 (AVX2, FMA3, 62 GB RAM)
Command: /home/jon.brate/miniforge3/envs/hav_db/bin/iqtree -redo -s /home/jon.brate/hav_db/test_iq_run3.fa -nt 1 -pre /home/jon.brate/hav_db/iqrun3
Seed:    230654 (Using SPRNG - Scalable Parallel Random Number Generator)
Time:    Wed Dec 17 10:27:59 2025
Kernel:  AVX+FMA - 1 threads (8 CPU cores detected)

HINT: Use -nt option to specify number of threads because your CPU has 8 cores!
HINT: -nt AUTO will automatically determine the best number of threads to use.

Reading alignment file /home/jon.brate/hav_db/test_iq_run3.fa ... Fasta format detected
Reading fasta file: done in 4.52041e-05 secs using 24.33% CPU
Alignment most likely contains DNA/RNA sequences
Constructing alignment: done in 2.33932e-05 secs using 25.65% CPU
Alignment has 4 sequences with 11 columns, 7 distinct patterns
0 parsimony-informative, 3 singleton sites, 8 constant sites
   Gap/Ambiguity  Composition  p-value
Analyzing sequences: done in 9.06619e-06 secs using 22.06% CPU
   1  a    0.00%    passed     98.95%
   2  b    0.00%    passed     85.61%
   3  c    0.00%    passed     89.22%
   4  d    0.00%    passed     95.22%
****  TOTAL    0.00%  0 sequences failed composition chi2 test (p-value<5%; df=3)
Checking for duplicate sequences: done in 1.56988e-05 secs using 19.11% CPU


Create initial parsimony tree by phylogenetic likelihood library (PLL)... 0.000 seconds
Perform fast likelihood tree search using GTR+I+G model...
Estimate model parameters (epsilon = 5.000)

WARNING: Estimated model parameters are at boundary that can cause numerical instability!

Perform nearest neighbor interchange...
Optimizing NNI: done in 8.06011e-05 secs using 98.01% CPU
Estimate model parameters (epsilon = 1.000)
1. Initial log-likelihood: -26.654
Optimal log-likelihood: -26.608
Rate parameters:  A-C: 0.00010  A-G: 0.00010  A-T: 76.52913  C-G: 97.87183  C-T: 79.11809  G-T: 1.00000
Warning! Some parameters hit the boundaries
Base frequencies:  A: 0.205  C: 0.182  G: 0.295  T: 0.318
Proportion of invariable sites: 0.309
Gamma shape alpha: 998.446
Parameters optimization took 1 rounds (0.001 sec)
Time for fast ML tree search: 0.002 seconds

NOTE: ModelFinder requires 0 MB RAM!
ModelFinder will test up to 968 DNA models (sample size: 11 epsilon: 0.100) ...
 No. Model         -LnL         df  AIC          AICc         BIC
  1  JC            28.598       5   67.196       79.196       69.186
  2  JC+I          28.598       6   69.196       90.196       71.584
  3  JC+G4         28.598       6   69.197       90.197       71.584
  4  JC+I+G4       28.751       7   71.502       108.835      74.287
  5  JC+R2         28.598       7   71.196       108.530      73.982
  6  JC+R3         28.598       9   75.196       255.196      78.777
 14  JC+I+R2       28.778       8   73.557       145.557      76.740
 15  JC+I+R3       28.743       10  77.486       297.486      81.465
 23  JC            28.598       5   67.196       79.196       69.186
 24  JC+I          28.598       6   69.196       90.196       71.584
 25  JC+G4         28.598       6   69.197       90.197       71.584
 26  JC+I+G4       28.751       7   71.502       108.835      74.287
 27  JC+R2         28.598       7   71.196       108.530      73.982
 28  JC+R3         28.598       9   75.196       255.196      78.777
 36  JC+I+R2       28.778       8   73.557       145.557      76.740
 45  F81           28.598       5   67.196       79.196       69.186
 46  F81+I         28.598       6   69.196       90.196       71.584
 47  F81+G4        28.598       6   69.197       90.197       71.584
 48  F81+I+G4      28.740       7   71.480       108.814      74.265
 49  F81+R2        28.598       7   71.196       108.530      73.982
 50  F81+R3        28.598       9   75.196       255.196      78.777
 58  F81+I+R2      28.753       8   73.506       145.506      76.689
 67  F81+F         28.459       8   72.918       144.918      76.101
 68  F81+F+I       28.459       9   74.918       254.918      78.499
 69  F81+F+G4      28.459       9   74.919       254.919      78.500
 70  F81+F+I+G4    28.588       10  77.177       297.177      81.156
 71  F81+F+R2      28.459       10  76.918       296.918      80.897
 72  F81+F+R3      28.459       12  80.918       392.918      85.693
 80  F81+F+I+R2    28.591       11  79.182       343.182      83.559
 89  K2P           28.598       6   69.196       90.196       71.584
 90  K2P+I         28.598       7   71.196       108.530      73.981
 91  K2P+G4        28.598       7   71.197       108.530      73.982
 92  K2P+I+G4      28.730       8   73.461       145.461      76.644
 93  K2P+R2        28.598       8   73.196       145.196      76.379
 94  K2P+R3        28.598       10  77.196       297.196      81.175
102  K2P+I+R2      28.733       9   75.466       255.466      79.047
111  K2P           28.598       6   69.196       90.196       71.584
112  K2P+I         28.598       7   71.196       108.530      73.981
113  K2P+G4        28.598       7   71.197       108.530      73.982
114  K2P+I+G4      28.730       8   73.461       145.461      76.644
115  K2P+R2        28.598       8   73.196       145.196      76.379
116  K2P+R3        28.598       10  77.196       297.196      81.175
124  K2P+I+R2      28.733       9   75.466       255.466      79.047
133  HKY           28.598       6   69.196       90.196       71.584
134  HKY+I         28.598       7   71.196       108.530      73.981
135  HKY+G4        28.598       7   71.197       108.530      73.982
136  HKY+I+G4      28.722       8   73.444       145.444      76.627
137  HKY+R2        28.598       8   73.196       145.196      76.379
138  HKY+R3        28.598       10  77.196       297.196      81.175
146  HKY+I+R2      28.717       9   75.433       255.433      79.015
155  HKY+F         28.458       9   74.915       254.915      78.496
156  HKY+F+I       28.458       10  76.915       296.915      80.894
157  HKY+F+G4      28.458       10  76.916       296.916      80.895
158  HKY+F+I+G4    28.578       11  79.157       343.157      83.534
159  HKY+F+R2      28.458       11  78.915       342.915      83.292
160  HKY+F+R3      28.458       13  82.915       446.915      88.088
168  HKY+F+I+R2    28.574       12  81.148       393.148      85.922
177  TNe           27.936       7   69.871       107.205      72.657
178  TNe+I         27.936       8   71.871       143.871      75.055
179  TNe+G4        27.936       8   71.872       143.872      75.055
180  TNe+I+G4      28.119       9   74.238       254.238      77.819
181  TNe+R2        27.937       9   73.874       253.874      77.455
182  TNe+R3        27.937       11  77.873       341.873      82.250
190  TNe+I+R2      28.097       10  76.194       296.194      80.173
199  TNe           27.936       7   69.871       107.205      72.657
200  TNe+I         27.936       8   71.871       143.871      75.055
201  TNe+G4        27.936       8   71.872       143.872      75.055
202  TNe+I+G4      28.119       9   74.238       254.238      77.819
203  TNe+R2        27.937       9   73.874       253.874      77.455
204  TNe+R3        27.937       11  77.873       341.873      82.250
212  TNe+I+R2      28.097       10  76.194       296.194      80.173
221  TN            27.936       7   69.871       107.205      72.657
222  TN+I          27.936       8   71.871       143.871      75.055
223  TN+G4         27.936       8   71.872       143.872      75.055
224  TN+I+G4       28.102       9   74.205       254.205      77.786
225  TN+R2         27.937       9   73.873       253.873      77.454
226  TN+R3         27.936       11  77.873       341.873      82.250
234  TN+I+R2       28.071       10  76.143       296.143      80.122
243  TN+F          27.765       10  75.531       295.531      79.510
244  TN+F+I        27.765       11  77.531       341.531      81.908
245  TN+F+G4       27.766       11  77.532       341.532      81.908
246  TN+F+I+G4     27.931       12  79.862       391.862      84.637
247  TN+F+R2       27.765       12  79.531       391.531      84.305
248  TN+F+R3       27.765       14  83.531       503.531      89.101
256  TN+F+I+R2     27.900       13  81.800       445.800      86.973
265  K3P           27.295       7   68.589       105.922      71.374
266  K3P+I         27.295       8   70.589       142.589      73.772
267  K3P+G4        27.295       8   70.590       142.590      73.773
268  K3P+I+G4      27.420       9   72.841       252.841      76.422
269  K3P+R2        27.295       9   72.589       252.589      76.170
270  K3P+R3        27.295       11  76.589       340.589      80.966
278  K3P+I+R2      27.401       10  74.803       294.803      78.782
287  K3P           27.295       7   68.589       105.922      71.374
288  K3P+I         27.295       8   70.589       142.589      73.772
289  K3P+G4        27.295       8   70.590       142.590      73.773
290  K3P+I+G4      27.420       9   72.841       252.841      76.422
291  K3P+R2        27.295       9   72.589       252.589      76.170
292  K3P+R3        27.295       11  76.589       340.589      80.966
300  K3P+I+R2      27.401       10  74.803       294.803      78.782
309  K3Pu          27.295       7   68.589       105.922      71.374
310  K3Pu+I        27.295       8   70.589       142.589      73.772
311  K3Pu+G4       27.295       8   70.590       142.590      73.773
312  K3Pu+I+G4     27.412       9   72.824       252.824      76.405
313  K3Pu+R2       27.295       9   72.589       252.589      76.170
314  K3Pu+R3       27.295       11  76.589       340.589      80.966
322  K3Pu+I+R2     27.389       10  74.778       294.778      78.757
331  K3Pu+F        27.048       10  74.097       294.097      78.076
332  K3Pu+F+I      27.048       11  76.097       340.097      80.473
333  K3Pu+F+G4     27.049       11  76.097       340.097      80.474
334  K3Pu+F+I+G4   27.153       12  78.306       390.306      83.081
335  K3Pu+F+R2     27.048       12  78.097       390.097      82.871
336  K3Pu+F+R3     27.048       14  82.097       502.097      87.667
344  K3Pu+F+I+R2   27.129       13  80.257       444.257      85.430
353  TPM2          28.588       7   71.176       108.509      73.961
354  TPM2+I        28.588       8   73.176       145.176      76.359
355  TPM2+G4       28.588       8   73.176       145.176      76.360
356  TPM2+I+G4     28.705       9   75.410       255.410      78.991
357  TPM2+R2       28.588       9   75.176       255.176      78.757
358  TPM2+R3       28.588       11  79.176       343.176      83.553
366  TPM2+I+R2     28.694       10  77.388       297.388      81.367
375  TPM2          28.588       7   71.176       108.509      73.961
376  TPM2+I        28.588       8   73.176       145.176      76.359
377  TPM2+G4       28.588       8   73.176       145.176      76.360
378  TPM2+I+G4     28.705       9   75.410       255.410      78.991
379  TPM2+R2       28.588       9   75.176       255.176      78.757
380  TPM2+R3       28.588       11  79.176       343.176      83.553
388  TPM2+I+R2     28.694       10  77.388       297.388      81.367
397  TPM2u         28.588       7   71.176       108.509      73.961
398  TPM2u+I       28.588       8   73.176       145.176      76.359
399  TPM2u+G4      28.588       8   73.176       145.176      76.360
400  TPM2u+I+G4    28.698       9   75.396       255.396      78.977
401  TPM2u+R2      28.588       9   75.176       255.176      78.757
402  TPM2u+R3      28.588       11  79.176       343.176      83.553
410  TPM2u+I+R2    28.683       10  77.365       297.365      81.344
419  TPM2u+F       28.421       10  76.842       296.842      80.821
420  TPM2u+F+I     28.421       11  78.842       342.842      83.219
421  TPM2u+F+G4    28.421       11  78.843       342.843      83.220
422  TPM2u+F+I+G4  28.519       12  81.037       393.037      85.812
423  TPM2u+F+R2    28.421       12  80.842       392.842      85.617
424  TPM2u+F+R3    28.421       14  84.842       504.842      90.413
432  TPM2u+F+I+R2  28.501       13  83.003       447.003      88.176
441  TPM3          28.572       7   71.143       108.477      73.929
442  TPM3+I        28.572       8   73.143       145.143      76.327
443  TPM3+G4       28.572       8   73.144       145.144      76.327
444  TPM3+I+G4     28.682       9   75.365       255.365      78.946
445  TPM3+R2       28.572       9   75.143       255.143      78.725
446  TPM3+R3       28.572       11  79.143       343.143      83.520
454  TPM3+I+R2     28.672       10  77.345       297.345      81.324
463  TPM3          28.572       7   71.143       108.477      73.929
464  TPM3+I        28.572       8   73.143       145.143      76.327
465  TPM3+G4       28.572       8   73.144       145.144      76.327
466  TPM3+I+G4     28.682       9   75.365       255.365      78.946
467  TPM3+R2       28.572       9   75.143       255.143      78.725
468  TPM3+R3       28.572       11  79.143       343.143      83.520
476  TPM3+I+R2     28.672       10  77.345       297.345      81.324
485  TPM3u         28.572       7   71.143       108.477      73.929
486  TPM3u+I       28.572       8   73.143       145.143      76.327
487  TPM3u+G4      28.572       8   73.144       145.144      76.327
488  TPM3u+I+G4    28.676       9   75.352       255.352      78.933
489  TPM3u+R2      28.572       9   75.143       255.143      78.724
490  TPM3u+R3      28.572       11  79.143       343.143      83.520
498  TPM3u+I+R2    28.662       10  77.324       297.324      81.303
507  TPM3u+F       28.370       10  76.740       296.740      80.719
508  TPM3u+F+I     28.370       11  78.740       342.740      83.117
509  TPM3u+F+G4    28.370       11  78.741       342.741      83.118
510  TPM3u+F+I+G4  28.468       12  80.936       392.936      85.710
511  TPM3u+F+R2    28.370       12  80.740       392.740      85.515
512  TPM3u+F+R3    28.370       14  84.740       504.740      90.311
520  TPM3u+F+I+R2  28.451       13  82.902       446.902      88.075
529  TIMe          26.618       8   69.236       141.236      72.419
530  TIMe+I        26.618       9   71.236       251.236      74.817
531  TIMe+G4       26.618       9   71.237       251.237      74.818
532  TIMe+I+G4     26.780       10  73.560       293.560      77.539
533  TIMe+R2       26.618       10  73.236       293.236      77.215
534  TIMe+R3       26.618       12  77.236       389.236      82.011
542  TIMe+I+R2     26.743       11  75.486       339.486      79.863
551  TIMe          26.618       8   69.236       141.236      72.419
552  TIMe+I        26.618       9   71.236       251.236      74.817
553  TIMe+G4       26.618       9   71.237       251.237      74.818
554  TIMe+I+G4     26.780       10  73.560       293.560      77.539
555  TIMe+R2       26.618       10  73.236       293.236      77.215
556  TIMe+R3       26.618       12  77.236       389.236      82.011
564  TIMe+I+R2     26.743       11  75.486       339.486      79.863
573  TIM           26.618       8   69.236       141.236      72.419
574  TIM+I         26.618       9   71.236       251.236      74.817
575  TIM+G4        26.618       9   71.237       251.237      74.818
576  TIM+I+G4      26.766       10  73.531       293.531      77.510
577  TIM+R2        26.618       10  73.236       293.236      77.215
578  TIM+R3        26.618       12  77.236       389.236      82.011
586  TIM+I+R2      26.724       11  75.448       339.448      79.825
595  TIM+F         26.345       11  74.689       338.689      79.066
596  TIM+F+I       26.345       12  76.689       388.689      81.464
597  TIM+F+G4      26.345       12  76.690       388.690      81.465
598  TIM+F+I+G4    26.479       13  78.958       442.958      84.131
599  TIM+F+R2      26.345       13  78.689       442.689      83.862
600  TIM+F+R3      26.345       15  82.689       562.689      88.658
608  TIM+F+I+R2    26.435       14  80.870       500.870      86.440
617  TIM2e         27.933       8   71.865       143.865      75.048
618  TIM2e+I       27.931       9   73.862       253.862      77.443
619  TIM2e+G4      27.931       9   73.861       253.861      77.442
620  TIM2e+I+G4    28.048       10  76.095       296.095      80.074
621  TIM2e+R2      27.929       10  75.858       295.858      79.837
622  TIM2e+R3      27.929       12  79.857       391.857      84.632
630  TIM2e+I+R2    28.003       11  78.006       342.006      82.383
639  TIM2e         27.933       8   71.865       143.865      75.048
640  TIM2e+I       27.931       9   73.862       253.862      77.443
641  TIM2e+G4      27.931       9   73.861       253.861      77.442
642  TIM2e+I+G4    28.048       10  76.095       296.095      80.074
643  TIM2e+R2      27.929       10  75.858       295.858      79.837
644  TIM2e+R3      27.929       12  79.857       391.857      84.632
652  TIM2e+I+R2    28.003       11  78.006       342.006      82.383
661  TIM2          27.931       8   71.862       143.862      75.045
662  TIM2+I        27.930       9   73.860       253.860      77.441
663  TIM2+G4       27.930       9   73.860       253.860      77.441
664  TIM2+I+G4     28.038       10  76.076       296.076      80.055
665  TIM2+R2       27.929       10  75.857       295.857      79.836
666  TIM2+R3       27.928       12  79.857       391.857      84.631
674  TIM2+I+R2     27.993       11  77.987       341.987      82.363
683  TIM2+F        27.738       11  77.475       341.475      81.852
684  TIM2+F+I      27.738       12  79.475       391.475      84.250
685  TIM2+F+G4     27.738       12  79.476       391.476      84.251
686  TIM2+F+I+G4   27.887       13  81.774       445.774      86.947
687  TIM2+F+R2     27.738       13  81.475       445.475      86.648
688  TIM2+F+R3     27.735       15  85.469       565.469      91.438
696  TIM2+F+I+R2   27.851       14  83.702       503.702      89.273
705  TIM3e         27.917       8   71.834       143.834      75.017
706  TIM3e+I       27.914       9   73.828       253.828      77.409
707  TIM3e+G4      27.913       9   73.826       253.826      77.407
708  TIM3e+I+G4    28.049       10  76.097       296.097      80.076
709  TIM3e+R2      27.911       10  75.822       295.822      79.801
710  TIM3e+R3      27.910       12  79.821       391.821      84.596
718  TIM3e+I+R2    28.008       11  78.015       342.015      82.392
727  TIM3e         27.917       8   71.834       143.834      75.017
728  TIM3e+I       27.914       9   73.828       253.828      77.409
729  TIM3e+G4      27.913       9   73.826       253.826      77.407
730  TIM3e+I+G4    28.049       10  76.097       296.097      80.076
731  TIM3e+R2      27.911       10  75.822       295.822      79.801
732  TIM3e+R3      27.910       12  79.821       391.821      84.596
740  TIM3e+I+R2    28.008       11  78.015       342.015      82.392
749  TIM3          27.914       8   71.828       143.828      75.011
750  TIM3+I        27.912       9   73.825       253.825      77.406
751  TIM3+G4       27.912       9   73.824       253.824      77.405
752  TIM3+I+G4     28.037       10  76.074       296.074      80.052
753  TIM3+R2       27.910       10  75.821       295.821      79.800
754  TIM3+R3       27.910       12  79.820       391.820      84.595
762  TIM3+I+R2     27.994       11  77.988       341.988      82.365
771  TIM3+F        27.687       11  77.374       341.374      81.751
772  TIM3+F+I      27.687       12  79.374       391.374      84.149
773  TIM3+F+G4     27.688       12  79.375       391.375      84.150
774  TIM3+F+I+G4   27.834       13  81.668       445.668      86.841
775  TIM3+F+R2     27.687       13  81.374       445.374      86.547
776  TIM3+F+R3     27.685       15  85.369       565.369      91.338
784  TIM3+F+I+R2   27.781       14  83.561       503.561      89.132
793  TVMe          27.286       9   72.573       252.573      76.154
794  TVMe+I        27.284       10  74.569       294.569      78.548
795  TVMe+G4       27.285       10  74.569       294.569      78.548
796  TVMe+I+G4     27.385       11  76.770       340.770      81.147
797  TVMe+R2       27.284       11  76.569       340.569      80.946
798  TVMe+R3       27.284       13  80.569       444.569      85.741
806  TVMe+I+R2     27.347       12  78.695       390.695      83.470
815  TVMe          27.286       9   72.573       252.573      76.154
816  TVMe+I        27.284       10  74.569       294.569      78.548
817  TVMe+G4       27.285       10  74.569       294.569      78.548
818  TVMe+I+G4     27.385       11  76.770       340.770      81.147
819  TVMe+R2       27.284       11  76.569       340.569      80.946
820  TVMe+R3       27.284       13  80.569       444.569      85.741
828  TVMe+I+R2     27.347       12  78.695       390.695      83.470
837  TVM           27.284       9   72.569       252.569      76.150
838  TVM+I         27.284       10  74.569       294.569      78.548
839  TVM+G4        27.285       10  74.569       294.569      78.548
840  TVM+I+G4      27.379       11  76.758       340.758      81.135
841  TVM+R2        27.284       11  76.569       340.569      80.946
842  TVM+R3        27.284       13  80.569       444.569      85.741
850  TVM+I+R2      27.341       12  78.683       390.683      83.457
859  TVM+F         27.048       12  78.097       390.097      82.871
860  TVM+F+I       27.048       13  80.097       444.097      85.269
861  TVM+F+G4      27.049       13  80.097       444.097      85.270
862  TVM+F+I+G4    27.147       14  82.293       502.293      87.864
863  TVM+F+R2      27.048       14  82.097       502.097      87.667
864  TVM+F+R3      27.048       16  86.096       630.096      92.463
872  TVM+F+I+R2    27.120       15  84.241       564.241      90.209
881  SYM           26.618       10  73.236       293.236      77.215
882  SYM+I         26.618       11  75.236       339.236      79.613
883  SYM+G4        26.618       11  75.237       339.237      79.613
884  SYM+I+G4      26.753       12  77.506       389.506      82.280
885  SYM+R2        26.618       12  77.236       389.236      82.011
886  SYM+R3        26.618       14  81.236       501.236      86.806
894  SYM+I+R2      26.709       13  79.417       443.417      84.590
903  SYM           26.618       10  73.236       293.236      77.215
904  SYM+I         26.618       11  75.236       339.236      79.613
905  SYM+G4        26.618       11  75.237       339.237      79.613
906  SYM+I+G4      26.753       12  77.506       389.506      82.280
907  SYM+R2        26.618       12  77.236       389.236      82.011
908  SYM+R3        26.618       14  81.236       501.236      86.806
916  SYM+I+R2      26.709       13  79.417       443.417      84.590
925  GTR           26.618       10  73.236       293.236      77.215
926  GTR+I         26.618       11  75.236       339.236      79.612
927  GTR+G4        26.618       11  75.236       339.236      79.613
928  GTR+I+G4      26.742       12  77.483       389.483      82.258
929  GTR+R2        26.618       12  77.236       389.236      82.011
930  GTR+R3        26.618       14  81.236       501.236      86.806
938  GTR+I+R2      26.696       13  79.392       443.392      84.564
947  GTR+F         26.345       13  78.689       442.689      83.862
948  GTR+F+I       26.345       14  80.689       500.689      86.260
949  GTR+F+G4      26.345       14  80.690       500.690      86.261
950  GTR+F+I+G4    26.468       15  82.936       562.936      88.904
951  GTR+F+R2      26.345       15  82.689       562.689      88.658
952  GTR+F+R3      26.345       17  86.689       698.689      93.453
960  GTR+F+I+R2    26.422       16  84.845       628.845      91.211
Akaike Information Criterion:           JC
Corrected Akaike Information Criterion: JC
Bayesian Information Criterion:         JC
Best-fit model: JC chosen according to BIC

All model information printed to /home/jon.brate/hav_db/iqrun3.model.gz
CPU time for ModelFinder: 0.117 seconds (0h:0m:0s)
Wall-clock time for ModelFinder: 0.130 seconds (0h:0m:0s)

NOTE: 0 MB RAM (0 GB) is required!
Estimate model parameters (epsilon = 0.100)
1. Initial log-likelihood: -28.601
Optimal log-likelihood: -28.598
Rate parameters:  A-C: 1.00000  A-G: 1.00000  A-T: 1.00000  C-G: 1.00000  C-T: 1.00000  G-T: 1.00000
Base frequencies:  A: 0.250  C: 0.250  G: 0.250  T: 0.250
Parameters optimization took 1 rounds (0.000 sec)
Wrote distance file to... 
Computing ML distances based on estimated model parameters...
Calculating distance matrix: done in 3.70091e-05 secs using 94.57% CPU
Computing ML distances took 0.000071 sec (of wall-clock time) 0.000074 sec (of CPU time)
Setting up auxiliary I and S matrices: done in 2.51869e-05 secs using 95.29% CPU
Constructing RapidNJ tree: done in 2.22409e-05 secs using 94.42% CPU
Computing RapidNJ tree took 0.000089 sec (of wall-clock time) 0.000088 sec (of CPU time)
Log-likelihood of RapidNJ tree: -28.598
--------------------------------------------------------------------
|             INITIALIZING CANDIDATE TREE SET                      |
--------------------------------------------------------------------
Generating 99 parsimony trees... 0.006 second
Computing log-likelihood of 2 initial trees ... 0.000 seconds
Current best score: -28.598

Do NNI search on 3 best initial trees
Optimizing NNI: done in 4.273e-05 secs using 95.95% CPU
Optimizing NNI: done in 5.60042e-05 secs using 1884% CPU
Optimizing NNI: done in 6.1054e-05 secs using 96.64% CPU
Finish initializing candidate tree set (3)
Current best tree score: -28.598 / CPU time: 0.006
Number of iterations: 3
--------------------------------------------------------------------
|               OPTIMIZING CANDIDATE TREE SET                      |
--------------------------------------------------------------------
Optimizing NNI: done in 6.31281e-05 secs using 96.63% CPU
Optimizing NNI: done in 5.93399e-05 secs using 97.74% CPU
Optimizing NNI: done in 4.93519e-05 secs using 97.26% CPU
Optimizing NNI: done in 5.87099e-05 secs using 97.09% CPU
Optimizing NNI: done in 7.52381e-05 secs using 1427% CPU
Optimizing NNI: done in 5.9512e-05 secs using 97.46% CPU
Optimizing NNI: done in 3.97048e-05 secs using 95.71% CPU
Iteration 10 / LogL: -28.598 / Time: 0h:0m:0s
Optimizing NNI: done in 3.9032e-05 secs using 94.79% CPU
Optimizing NNI: done in 3.91339e-05 secs using 97.1% CPU
Optimizing NNI: done in 5.89199e-05 secs using 98.44% CPU
Optimizing NNI: done in 3.92832e-05 secs using 94.19% CPU
Optimizing NNI: done in 3.8502e-05 secs using 98.7% CPU
Optimizing NNI: done in 5.4582e-05 secs using 1929% CPU
Optimizing NNI: done in 5.902e-05 secs using 98.27% CPU
Optimizing NNI: done in 3.8781e-05 secs using 97.99% CPU
Optimizing NNI: done in 3.9103e-05 secs using 97.18% CPU
Optimizing NNI: done in 3.9052e-05 secs using 94.75% CPU
Iteration 20 / LogL: -28.598 / Time: 0h:0m:0s
Optimizing NNI: done in 4.52439e-05 secs using 97.25% CPU
Optimizing NNI: done in 4.56539e-05 secs using 98.57% CPU
Optimizing NNI: done in 2.88941e-05 secs using 96.91% CPU
Optimizing NNI: done in 2.85429e-05 secs using 87.59% CPU
Optimizing NNI: done in 4.82888e-05 secs using 97.33% CPU
Optimizing NNI: done in 2.87429e-05 secs using 93.94% CPU
Optimizing NNI: done in 4.33719e-05 secs using 96.84% CPU
Optimizing NNI: done in 2.89229e-05 secs using 93.35% CPU
Optimizing NNI: done in 2.88831e-05 secs using 96.94% CPU
Optimizing NNI: done in 4.3411e-05 secs using 99.05% CPU
Iteration 30 / LogL: -28.598 / Time: 0h:0m:0s (0h:0m:0s left)
Optimizing NNI: done in 2.87441e-05 secs using 93.93% CPU
Optimizing NNI: done in 2.87041e-05 secs using 97.55% CPU
Optimizing NNI: done in 3.67691e-05 secs using 95.19% CPU
Optimizing NNI: done in 4.37109e-05 secs using 98.37% CPU
Optimizing NNI: done in 2.88042e-05 secs using 93.74% CPU
Optimizing NNI: done in 2.9335e-05 secs using 98.86% CPU
Optimizing NNI: done in 4.36609e-05 secs using 96.2% CPU
Optimizing NNI: done in 2.90629e-05 secs using 92.9% CPU
Optimizing NNI: done in 2.82431e-05 secs using 95.6% CPU
Optimizing NNI: done in 2.8654e-05 secs using 97.72% CPU
Iteration 40 / LogL: -28.598 / Time: 0h:0m:0s (0h:0m:0s left)
Optimizing NNI: done in 2.89339e-05 secs using 96.77% CPU
Optimizing NNI: done in 2.9163e-05 secs using 96.01% CPU
Optimizing NNI: done in 2.8633e-05 secs using 94.3% CPU
Optimizing NNI: done in 3.60471e-05 secs using 97.1% CPU
Optimizing NNI: done in 2.8644e-05 secs using 94.26% CPU
Optimizing NNI: done in 2.9295e-05 secs using 95.58% CPU
Optimizing NNI: done in 4.77191e-05 secs using 98.49% CPU
Optimizing NNI: done in 2.8834e-05 secs using 97.11% CPU
Optimizing NNI: done in 4.37731e-05 secs using 98.23% CPU
Optimizing NNI: done in 2.89339e-05 secs using 96.77% CPU
Iteration 50 / LogL: -28.598 / Time: 0h:0m:0s (0h:0m:0s left)
Optimizing NNI: done in 2.8512e-05 secs using 94.7% CPU
Optimizing NNI: done in 4.29999e-05 secs using 97.67% CPU
Optimizing NNI: done in 2.83122e-05 secs using 98.9% CPU
Optimizing NNI: done in 4.27598e-05 secs using 95.88% CPU
Optimizing NNI: done in 4.31901e-05 secs using 97.24% CPU
Optimizing NNI: done in 4.23789e-05 secs using 96.75% CPU
Optimizing NNI: done in 2.88549e-05 secs using 97.04% CPU
Optimizing NNI: done in 2.9664e-05 secs using 97.76% CPU
Optimizing NNI: done in 2.90531e-05 secs using 96.38% CPU
Optimizing NNI: done in 2.8614e-05 secs using 94.36% CPU
Iteration 60 / LogL: -28.598 / Time: 0h:0m:0s (0h:0m:0s left)
Optimizing NNI: done in 2.85541e-05 secs using 94.56% CPU
Optimizing NNI: done in 2.83229e-05 secs using 98.86% CPU
Optimizing NNI: done in 2.8274e-05 secs using 95.49% CPU
Optimizing NNI: done in 4.332e-05 secs using 96.95% CPU
Optimizing NNI: done in 4.2279e-05 secs using 99.34% CPU
Optimizing NNI: done in 4.28502e-05 secs using 95.68% CPU
Optimizing NNI: done in 2.8522e-05 secs using 94.66% CPU
Optimizing NNI: done in 2.84719e-05 secs using 94.83% CPU
Optimizing NNI: done in 4.72569e-05 secs using 97.34% CPU
Optimizing NNI: done in 2.91141e-05 secs using 96.17% CPU
Iteration 70 / LogL: -28.598 / Time: 0h:0m:0s (0h:0m:0s left)
Optimizing NNI: done in 2.84531e-05 secs using 94.89% CPU
Optimizing NNI: done in 4.33319e-05 secs using 99.23% CPU
Optimizing NNI: done in 2.8773e-05 secs using 97.31% CPU
Optimizing NNI: done in 2.8623e-05 secs using 94.33% CPU
Optimizing NNI: done in 2.84731e-05 secs using 94.83% CPU
Optimizing NNI: done in 4.28902e-05 secs using 97.92% CPU
Optimizing NNI: done in 2.8905e-05 secs using 96.87% CPU
Optimizing NNI: done in 2.8753e-05 secs using 97.38% CPU
Optimizing NNI: done in 2.8373e-05 secs using 95.16% CPU
Optimizing NNI: done in 4.4002e-05 secs
Iteration 80 / LogL: -28.598 / Time: 0h:0m:0s (0h:0m:0s left)
Optimizing NNI: done in 2.91329e-05 secs
Optimizing NNI: done in 2.88531e-05 secs
Optimizing NNI: done in 2.8833e-05 secs
Optimizing NNI: done in 2.84931e-05 secs
Optimizing NNI: done in 4.33719e-05 secs
Optimizing NNI: done in 2.8634e-05 secs
Optimizing NNI: done in 2.84931e-05 secs
Optimizing NNI: done in 2.8793e-05 secs
Optimizing NNI: done in 2.81921e-05 secs
Optimizing NNI: done in 4.31801e-05 secs
Iteration 90 / LogL: -28.598 / Time: 0h:0m:0s (0h:0m:0s left)
Optimizing NNI: done in 4.59659e-05 secs using 97.9% CPU
Optimizing NNI: done in 2.89541e-05 secs using 96.7% CPU
Optimizing NNI: done in 4.28699e-05 secs using 95.64% CPU
Optimizing NNI: done in 4.26301e-05 secs using 96.18% CPU
Optimizing NNI: done in 2.87041e-05 secs using 97.55% CPU
Optimizing NNI: done in 2.85439e-05 secs using 98.09% CPU
Optimizing NNI: done in 2.8583e-05 secs using 97.96% CPU
Optimizing NNI: done in 3.64271e-05 secs using 96.08% CPU
Optimizing NNI: done in 2.86622e-05 secs using 97.69% CPU
Optimizing NNI: done in 2.85429e-05 secs using 84.08% CPU
Iteration 100 / LogL: -28.598 / Time: 0h:0m:0s (0h:0m:0s left)
Optimizing NNI: done in 4.64572e-05 secs using 96.86% CPU
TREE SEARCH COMPLETED AFTER 101 ITERATIONS / Time: 0h:0m:0s

--------------------------------------------------------------------
|                    FINALIZING TREE SEARCH                        |
--------------------------------------------------------------------
Performs final model parameters optimization
Estimate model parameters (epsilon = 0.010)
1. Initial log-likelihood: -28.598
Optimal log-likelihood: -28.598
Rate parameters:  A-C: 1.00000  A-G: 1.00000  A-T: 1.00000  C-G: 1.00000  C-T: 1.00000  G-T: 1.00000
Base frequencies:  A: 0.250  C: 0.250  G: 0.250  T: 0.250
Parameters optimization took 1 rounds (0.000 sec)
BEST SCORE FOUND : -28.598
Total tree length: 0.291

Total number of iterations: 101
CPU time used for tree search: 0.024 sec (0h:0m:0s)
Wall-clock time used for tree search: 0.016 sec (0h:0m:0s)
Total CPU time used: 0.150 sec (0h:0m:0s)
Total wall-clock time used: 0.154 sec (0h:0m:0s)

Analysis results written to: 
  IQ-TREE report:                /home/jon.brate/hav_db/iqrun3.iqtree
  Maximum-likelihood tree:       /home/jon.brate/hav_db/iqrun3.treefile
  Likelihood distances:          /home/jon.brate/hav_db/iqrun3.mldist
  Screen log file:               /home/jon.brate/hav_db/iqrun3.log

Date and Time: Wed Dec 17 10:27:59 2025
